[xpu-health] physical_devices=0,1,2
[xpu-health] single-device smoke level_zero:0
device_count 1
ok 2097152.0
[xpu-health] single-device smoke level_zero:1
device_count 1
ok 2097152.0
[xpu-health] single-device smoke level_zero:2
device_count 1
ok 2097152.0
[xpu-health] xccl_devices=0,1,2 nproc=3
rank 0 init ok
rank 2 init ok
rank 1 init ok
2026:06:19-11:52:12:3942226 |CCL_WARN| value of CCL_ATL_TRANSPORT changed to be ofi (default:mpi)
2026:06:19-11:52:12:3942226 |CCL_WARN| value of CCL_TOPO_P2P_ACCESS changed to be 1 (default:-1)
2026:06:19-11:52:12:3942226 |CCL_WARN| could not get local_idx/count from environment variables, trying to get them from ATL
2026:06:19-11:52:12:3942227 |CCL_WARN| could not get local_idx/count from environment variables, trying to get them from ATL
2026:06:19-11:52:12:3942228 |CCL_WARN| could not get local_idx/count from environment variables, trying to get them from ATL
2026:06:19-11:52:13:3942226:[0] |CCL_WARN| topology recognition shows PCIe connection between devices. If this is not correct, you can disable topology recognition, with CCL_TOPO_FABRIC_VERTEX_CONNECTION_CHECK=0. This will assume XeLinks across devices
rank 2 barrier okrank 0 barrier okrank 1 barrier ok


rank 0 allreduce ok 3.0rank 2 allreduce ok 3.0rank 1 allreduce ok 3.0


